// Jest Snapshot v1, https://goo.gl/fbAQLP

exports[`ThemedButton should render the button correcly 1`] = `
<View
  style={
    {
      "alignItems": "center",
      "flexDirection": "row",
    }
  }
>
  <View
    accessibilityState={
      {
        "busy": undefined,
        "checked": undefined,
        "disabled": undefined,
        "expanded": undefined,
        "selected": undefined,
      }
    }
    accessibilityValue={
      {
        "max": undefined,
        "min": undefined,
        "now": undefined,
        "text": undefined,
      }
    }
    accessible={true}
    collapsable={false}
    focusable={true}
    onBlur={[Function]}
    onClick={[Function]}
    onFocus={[Function]}
    onResponderGrant={[Function]}
    onResponderMove={[Function]}
    onResponderRelease={[Function]}
    onResponderTerminate={[Function]}
    onResponderTerminationRequest={[Function]}
    onStartShouldSetResponder={[Function]}
    style={
      [
        {
          "alignItems": "center",
          "backgroundColor": "#25292e",
          "borderRadius": 10,
          "flexGrow": 1,
          "marginHorizontal": 30,
          "paddingVertical": 10,
        },
      ]
    }
    testID="themed-button:Pressable"
  >
    <Text
      style={
        {
          "color": "#fff",
        }
      }
      testID="themed-button:Label"
    >
      Click Me
    </Text>
  </View>
</View>
`;
