// Jest Snapshot v1, https://goo.gl/fbAQLP

exports[`ApiScreen renders correctly 1`] = `null`;
